// Jest Snapshot v1, https://goo.gl/fbAQLP

exports[`matches snapshot 1`] = `
<div>
  <div
    class="inputAndErrorSearch"
  >
    <form
      class="d-flex justify-content-center align-items-center inputForm"
    >
      <div
        class="inputContainer "
      >
        <button
          class="primaryButton"
          type="submit"
        >
          <img
            alt="Icon"
            class="icon"
            src="Union.svg"
          />
        </button>
        <input
          aria-label="What are you looking for? (e.g., applying MAC gold highlighter)"
          class="textField"
          data-testid="search-input"
          id="What are you looking for? (e.g., applying MAC gold highlighter)"
          name="What are you looking for? (e.g., applying MAC gold highlighter)"
          placeholder="What are you looking for? (e.g., applying MAC gold highlighter)"
          type="What are you looking for? (e.g., applying MAC gold highlighter)"
          value=""
        />
      </div>
    </form>
  </div>
</div>
`;
