// Jest Snapshot v1, https://goo.gl/fbAQLP

exports[`matches snapshot 1`] = `
<div>
  <div
    class="mt-5 container"
  >
    <form
      class="d-flex justify-content-center align-items-center"
    >
      <input
        class="form-control"
        data-testid="search-input"
        style="width: 60%; font-size: 1em;"
        value=""
      />
      <button
        class="rounded btn btn-primary"
        style="margin-left: 3px;"
        type="submit"
      />
    </form>
  </div>
</div>
`;
