// Jest Snapshot v1, https://goo.gl/fbAQLP

exports[`matches snapshot 1`] = `
<div>
  <form
    class="d-flex justify-content-center align-items-center inputForm"
  >
    <div
      class="inputContainer "
    >
      <button
        class="primaryButton"
        type="submit"
      />
      <input
        class="textField"
        data-testid="search-input"
        value=""
      />
    </div>
  </form>
</div>
`;
