// Jest Snapshot v1, https://goo.gl/fbAQLP

exports[`matches snapshot 1`] = `
<div>
  <div>
    <div
      class="mt-5 container"
    >
      <form
        class="d-flex justify-content-center align-items-center"
      >
        <input
          aria-label="Create an index and start analyzing videos!"
          class="form-control"
          data-testid="search-input"
          id="Create an index and start analyzing videos!"
          name="Create an index and start analyzing videos!"
          placeholder="Create an index and start analyzing videos!"
          style="width: 60%; font-size: 1em;"
          type="Create an index and start analyzing videos!"
          value=""
        />
        <button
          class="rounded btn btn-primary"
          style="margin-left: 3px;"
          type="submit"
        >
          <i
            class="bi bi-folder-plus"
          />
           Create
        </button>
      </form>
    </div>
  </div>
</div>
`;
