// Jest Snapshot v1, https://goo.gl/fbAQLP

exports[`matches snapshot 1`] = `
<div>
  <div
    class="inputAndError"
  >
    <form
      class="d-flex justify-content-center align-items-center inputForm"
    >
      <div
        class="inputContainer "
      >
        <button
          class="primaryButton"
          type="submit"
        >
          <img
            alt="Icon"
            class="icon"
            src="Create.svg"
          />
        </button>
        <input
          aria-label="Create an index and start analyzing videos!"
          class="textField"
          data-testid="search-input"
          id="Create an index and start analyzing videos!"
          name="Create an index and start analyzing videos!"
          placeholder="Create an index and start analyzing videos!"
          type="Create an index and start analyzing videos!"
          value=""
        />
      </div>
    </form>
  </div>
</div>
`;
