// Jest Snapshot v1, https://goo.gl/fbAQLP

exports[`matches snapshot 1`] = `
<div>
  <div
    class="mb-4 col-xl-3 col-lg-4 col-md-6 col-sm-12"
  >
    <i>
      Loading...
    </i>
  </div>
  <div
    class="mb-4 col-xl-3 col-lg-4 col-md-6 col-sm-12"
  >
    <i>
      Loading...
    </i>
  </div>
</div>
`;
