// Jest Snapshot v1, https://goo.gl/fbAQLP

exports[`matches snapshot 1`] = `
<div>
  <div
    class="video-wrapper"
  >
    <div
      aria-label="Video Player"
      class="video-js vjs-paused vjs-fluid vjs_video_592-dimensions vjs-controls-enabled vjs-workinghover vjs-v8 vjs-user-active vjs-layout-x-small"
      data-vjs-player="true"
      id="vjs_video_592"
      lang="en-us"
      role="region"
      tabindex="-1"
      translate="no"
    >
      <video
        class="vjs-tech"
        id="vjs_video_592_html5_api"
        tabindex="-1"
      />
      <div
        aria-disabled="false"
        class="vjs-poster vjs-hidden"
      />
      <div
        class="vjs-title-bar vjs-hidden"
      >
        <div
          class="vjs-title-bar-title"
          id="vjs-title-bar-title-678"
        />
        <div
          class="vjs-title-bar-description"
          id="vjs-title-bar-description-679"
        />
      </div>
      <div
        aria-atomic="true"
        aria-live="off"
        class="vjs-text-track-display"
        translate="yes"
      />
      <div
        class="vjs-loading-spinner"
        dir="ltr"
      >
        <span
          class="vjs-control-text"
        >
          Video Player is loading.
        </span>
      </div>
      <button
        aria-disabled="false"
        class="vjs-big-play-button"
        title="Play Video"
        type="button"
      >
        <span
          aria-hidden="true"
          class="vjs-icon-placeholder"
        />
        <span
          aria-live="polite"
          class="vjs-control-text"
        >
          Play Video
        </span>
      </button>
      <div
        class="vjs-control-bar"
        dir="ltr"
      >
        <button
          aria-disabled="false"
          class="vjs-play-control vjs-control vjs-button"
          title="Play"
          type="button"
        >
          <span
            aria-hidden="true"
            class="vjs-icon-placeholder"
          />
          <span
            aria-live="polite"
            class="vjs-control-text"
          >
            Play
          </span>
        </button>
        <button
          aria-disabled="false"
          class="vjs-skip-backward-undefined vjs-control vjs-button vjs-hidden"
          title="Skip Backward"
          type="button"
        >
          <span
            aria-hidden="true"
            class="vjs-icon-placeholder"
          />
          <span
            aria-live="polite"
            class="vjs-control-text"
          >
            Skip Backward
          </span>
        </button>
        <button
          aria-disabled="false"
          class="vjs-skip-forward-undefined vjs-control vjs-button vjs-hidden"
          type="button"
        >
          <span
            aria-hidden="true"
            class="vjs-icon-placeholder"
          />
          <span
            aria-live="polite"
            class="vjs-control-text"
          />
        </button>
        <div
          class="vjs-volume-panel vjs-control vjs-volume-panel-horizontal"
        >
          <button
            aria-disabled="false"
            class="vjs-mute-control vjs-control vjs-button"
            title="Mute"
            type="button"
          >
            <span
              aria-hidden="true"
              class="vjs-icon-placeholder"
            />
            <span
              aria-live="polite"
              class="vjs-control-text"
            >
              Mute
            </span>
          </button>
          <div
            class="vjs-volume-control vjs-control vjs-volume-horizontal"
          >
            <div
              aria-label="Volume Level"
              aria-live="polite"
              aria-valuemax="100"
              aria-valuemin="0"
              aria-valuenow="0"
              class="vjs-volume-bar vjs-slider-bar vjs-slider vjs-slider-horizontal"
              role="slider"
              tabindex="0"
            >
              <div
                class="vjs-mouse-display"
              >
                <div
                  aria-hidden="true"
                  class="vjs-volume-tooltip"
                />
              </div>
              <div
                class="vjs-volume-level"
              >
                <span
                  class="vjs-control-text"
                />
              </div>
            </div>
          </div>
        </div>
        <div
          class="vjs-current-time vjs-time-control vjs-control"
        >
          <span
            class="vjs-control-text"
            role="presentation"
          >
            Current Time 
          </span>
          <span
            class="vjs-current-time-display"
            role="presentation"
          />
        </div>
        <div
          aria-hidden="true"
          class="vjs-time-control vjs-time-divider"
        >
          <div>
            <span>
              /
            </span>
          </div>
        </div>
        <div
          class="vjs-duration vjs-time-control vjs-control"
        >
          <span
            class="vjs-control-text"
            role="presentation"
          >
            Duration 
          </span>
          <span
            class="vjs-duration-display"
            role="presentation"
          />
        </div>
        <div
          class="vjs-progress-control vjs-control"
        >
          <div
            aria-label="Progress Bar"
            aria-valuemax="100"
            aria-valuemin="0"
            aria-valuenow="0"
            class="vjs-progress-holder vjs-slider vjs-slider-horizontal"
            role="slider"
            tabindex="0"
          >
            <div
              class="vjs-load-progress"
            >
              <span
                class="vjs-control-text"
              >
                <span>
                  Loaded
                </span>
                : 
                <span
                  class="vjs-control-text-loaded-percentage"
                >
                  0%
                </span>
              </span>
            </div>
            <div
              class="vjs-mouse-display"
            >
              <div
                aria-hidden="true"
                class="vjs-time-tooltip"
              />
            </div>
            <div
              aria-hidden="true"
              class="vjs-play-progress vjs-slider-bar"
            >
              <div
                aria-hidden="true"
                class="vjs-time-tooltip"
              />
            </div>
          </div>
        </div>
        <div
          class="vjs-live-control vjs-control vjs-hidden"
        >
          <div
            aria-live="off"
            class="vjs-live-display"
          >
            <span
              class="vjs-control-text"
            >
              Stream Type 
            </span>
            LIVE
          </div>
        </div>
        <button
          aria-disabled="false"
          class="vjs-seek-to-live-control vjs-control"
          title="Seek to live, currently behind live"
          type="button"
        >
          <span
            aria-hidden="true"
            class="vjs-icon-placeholder"
          />
          <span
            aria-live="polite"
            class="vjs-control-text"
          >
            Seek to live, currently behind live
          </span>
          <span
            aria-hidden="true"
            class="vjs-seek-to-live-text"
          >
            LIVE
          </span>
        </button>
        <div
          class="vjs-remaining-time vjs-time-control vjs-control"
        >
          <span
            class="vjs-control-text"
            role="presentation"
          >
            Remaining Time 
          </span>
          <span
            aria-hidden="true"
          >
            -
          </span>
          <span
            class="vjs-remaining-time-display"
            role="presentation"
          />
        </div>
        <div
          class="vjs-custom-control-spacer vjs-spacer "
        >
           
        </div>
        <div
          class="vjs-playback-rate vjs-menu-button vjs-menu-button-popup vjs-control vjs-button vjs-hidden"
        >
          <div
            class="vjs-playback-rate-value"
            id="vjs-playback-rate-value-label-vjs_video_592_component_924"
          >
            1x
          </div>
          <button
            aria-describedby="vjs-playback-rate-value-label-vjs_video_592_component_924"
            aria-disabled="false"
            aria-expanded="false"
            aria-haspopup="true"
            class="vjs-playback-rate vjs-menu-button vjs-menu-button-popup vjs-button"
            title="Playback Rate"
            type="button"
          >
            <span
              aria-hidden="true"
              class="vjs-icon-placeholder"
            />
            <span
              aria-live="polite"
              class="vjs-control-text"
            >
              Playback Rate
            </span>
          </button>
          <div
            class="vjs-menu"
          >
            <ul
              class="vjs-menu-content"
            />
          </div>
        </div>
        <div
          class="vjs-chapters-button vjs-menu-button vjs-menu-button-popup vjs-control vjs-button vjs-hidden"
        >
          <button
            aria-disabled="false"
            aria-expanded="false"
            aria-haspopup="true"
            class="vjs-chapters-button vjs-menu-button vjs-menu-button-popup vjs-button"
            title="Chapters"
            type="button"
          >
            <span
              aria-hidden="true"
              class="vjs-icon-placeholder"
            />
            <span
              aria-live="polite"
              class="vjs-control-text"
            >
              Chapters
            </span>
          </button>
          <div
            class="vjs-menu"
          >
            <ul
              class="vjs-menu-content"
            >
              <li
                class="vjs-menu-title"
                tabindex="-1"
              >
                Chapters
              </li>
            </ul>
          </div>
        </div>
        <div
          class="vjs-descriptions-button vjs-menu-button vjs-menu-button-popup vjs-control vjs-button vjs-hidden"
        >
          <button
            aria-disabled="false"
            aria-expanded="false"
            aria-haspopup="true"
            class="vjs-descriptions-button vjs-menu-button vjs-menu-button-popup vjs-button"
            title="Descriptions"
            type="button"
          >
            <span
              aria-hidden="true"
              class="vjs-icon-placeholder"
            />
            <span
              aria-live="polite"
              class="vjs-control-text"
            >
              Descriptions
            </span>
          </button>
          <div
            class="vjs-menu"
          >
            <ul
              class="vjs-menu-content"
            >
              <li
                aria-checked="true"
                aria-disabled="false"
                class="vjs-menu-item vjs-selected"
                role="menuitemradio"
                tabindex="-1"
              >
                <span
                  class="vjs-menu-item-text"
                >
                  descriptions off
                </span>
                <span
                  aria-live="polite"
                  class="vjs-control-text"
                >
                  , selected
                </span>
              </li>
            </ul>
          </div>
        </div>
        <div
          class="vjs-subs-caps-button vjs-menu-button vjs-menu-button-popup vjs-control vjs-button vjs-hidden"
        >
          <button
            aria-disabled="false"
            aria-expanded="false"
            aria-haspopup="true"
            class="vjs-subs-caps-button vjs-menu-button vjs-menu-button-popup vjs-button"
            title="Captions"
            type="button"
          >
            <span
              aria-hidden="true"
              class="vjs-icon-placeholder"
            />
            <span
              aria-live="polite"
              class="vjs-control-text"
            >
              Captions
            </span>
          </button>
          <div
            class="vjs-menu"
          >
            <ul
              class="vjs-menu-content"
            >
              <li
                aria-checked="true"
                aria-disabled="false"
                class="vjs-menu-item vjs-selected"
                role="menuitemradio"
                tabindex="-1"
              >
                <span
                  class="vjs-menu-item-text"
                >
                  captions and subtitles off
                </span>
                <span
                  aria-live="polite"
                  class="vjs-control-text"
                >
                  , selected
                </span>
              </li>
            </ul>
          </div>
        </div>
        <div
          class="vjs-audio-button vjs-menu-button vjs-menu-button-popup vjs-control vjs-button vjs-hidden"
        >
          <button
            aria-disabled="false"
            aria-expanded="false"
            aria-haspopup="true"
            class="vjs-audio-button vjs-menu-button vjs-menu-button-popup vjs-button"
            title="Audio Track"
            type="button"
          >
            <span
              aria-hidden="true"
              class="vjs-icon-placeholder"
            />
            <span
              aria-live="polite"
              class="vjs-control-text"
            >
              Audio Track
            </span>
          </button>
          <div
            class="vjs-menu"
          >
            <ul
              class="vjs-menu-content"
            />
          </div>
        </div>
        <button
          aria-disabled="false"
          class="vjs-fullscreen-control vjs-control vjs-button"
          title="Fullscreen"
          type="button"
        >
          <span
            aria-hidden="true"
            class="vjs-icon-placeholder"
          />
          <span
            aria-live="polite"
            class="vjs-control-text"
          >
            Fullscreen
          </span>
        </button>
      </div>
      <div
        aria-describedby="vjs_video_592_component_1125_description"
        aria-hidden="true"
        aria-label="Modal Window"
        class="vjs-error-display vjs-modal-dialog vjs-hidden "
        role="dialog"
        tabindex="-1"
      >
        <p
          class="vjs-modal-dialog-description vjs-control-text"
          id="vjs_video_592_component_1125_description"
        >
          This is a modal window.
        </p>
        <div
          class="vjs-modal-dialog-content"
          role="document"
        />
      </div>
      <div
        aria-describedby="vjs_video_592_component_1131_description"
        aria-hidden="true"
        aria-label="Caption Settings Dialog"
        class="vjs-modal-dialog vjs-hidden  vjs-text-track-settings"
        role="dialog"
        tabindex="-1"
      >
        <p
          class="vjs-modal-dialog-description vjs-control-text"
          id="vjs_video_592_component_1131_description"
        >
          Beginning of dialog window. Escape will cancel and close the window.
        </p>
        <div
          class="vjs-modal-dialog-content"
          role="document"
        >
          <div
            class="vjs-track-settings-colors"
          >
            <fieldset
              class="vjs-fg vjs-track-setting"
            >
              <legend
                id="captions-text-legend-vjs_video_592_component_1131"
              >
                Text
              </legend>
              <span
                class="vjs-text-color"
              >
                <label
                  class="vjs-label"
                  id="captions-foreground-color-vjs_video_592_component_1131"
                >
                  Color
                </label>
                <select
                  aria-labelledby="captions-text-legend-vjs_video_592_component_1131 captions-foreground-color-vjs_video_592_component_1131"
                >
                  <option
                    aria-labelledby="captions-text-legend-vjs_video_592_component_1131 captions-foreground-color-vjs_video_592_component_1131 captions-foreground-color-vjs_video_592_component_1131-White"
                    id="captions-foreground-color-vjs_video_592_component_1131-White"
                    value="#FFF"
                  >
                    White
                  </option>
                  <option
                    aria-labelledby="captions-text-legend-vjs_video_592_component_1131 captions-foreground-color-vjs_video_592_component_1131 captions-foreground-color-vjs_video_592_component_1131-Black"
                    id="captions-foreground-color-vjs_video_592_component_1131-Black"
                    value="#000"
                  >
                    Black
                  </option>
                  <option
                    aria-labelledby="captions-text-legend-vjs_video_592_component_1131 captions-foreground-color-vjs_video_592_component_1131 captions-foreground-color-vjs_video_592_component_1131-Red"
                    id="captions-foreground-color-vjs_video_592_component_1131-Red"
                    value="#F00"
                  >
                    Red
                  </option>
                  <option
                    aria-labelledby="captions-text-legend-vjs_video_592_component_1131 captions-foreground-color-vjs_video_592_component_1131 captions-foreground-color-vjs_video_592_component_1131-Green"
                    id="captions-foreground-color-vjs_video_592_component_1131-Green"
                    value="#0F0"
                  >
                    Green
                  </option>
                  <option
                    aria-labelledby="captions-text-legend-vjs_video_592_component_1131 captions-foreground-color-vjs_video_592_component_1131 captions-foreground-color-vjs_video_592_component_1131-Blue"
                    id="captions-foreground-color-vjs_video_592_component_1131-Blue"
                    value="#00F"
                  >
                    Blue
                  </option>
                  <option
                    aria-labelledby="captions-text-legend-vjs_video_592_component_1131 captions-foreground-color-vjs_video_592_component_1131 captions-foreground-color-vjs_video_592_component_1131-Yellow"
                    id="captions-foreground-color-vjs_video_592_component_1131-Yellow"
                    value="#FF0"
                  >
                    Yellow
                  </option>
                  <option
                    aria-labelledby="captions-text-legend-vjs_video_592_component_1131 captions-foreground-color-vjs_video_592_component_1131 captions-foreground-color-vjs_video_592_component_1131-Magenta"
                    id="captions-foreground-color-vjs_video_592_component_1131-Magenta"
                    value="#F0F"
                  >
                    Magenta
                  </option>
                  <option
                    aria-labelledby="captions-text-legend-vjs_video_592_component_1131 captions-foreground-color-vjs_video_592_component_1131 captions-foreground-color-vjs_video_592_component_1131-Cyan"
                    id="captions-foreground-color-vjs_video_592_component_1131-Cyan"
                    value="#0FF"
                  >
                    Cyan
                  </option>
                </select>
              </span>
              <span
                class="vjs-text-opacity vjs-opacity"
              >
                <label
                  class="vjs-label"
                  id="captions-foreground-opacity-vjs_video_592_component_1131"
                >
                  Opacity
                </label>
                <select
                  aria-labelledby="captions-text-legend-vjs_video_592_component_1131 captions-foreground-opacity-vjs_video_592_component_1131"
                >
                  <option
                    aria-labelledby="captions-text-legend-vjs_video_592_component_1131 captions-foreground-opacity-vjs_video_592_component_1131 captions-foreground-opacity-vjs_video_592_component_1131-Opaque"
                    id="captions-foreground-opacity-vjs_video_592_component_1131-Opaque"
                    value="1"
                  >
                    Opaque
                  </option>
                  <option
                    aria-labelledby="captions-text-legend-vjs_video_592_component_1131 captions-foreground-opacity-vjs_video_592_component_1131 captions-foreground-opacity-vjs_video_592_component_1131-SemiTransparent"
                    id="captions-foreground-opacity-vjs_video_592_component_1131-SemiTransparent"
                    value="0.5"
                  >
                    Semi-Transparent
                  </option>
                </select>
              </span>
            </fieldset>
            <fieldset
              class="vjs-bg vjs-track-setting"
            >
              <legend
                id="captions-background-vjs_video_592_component_1131"
              >
                Text Background
              </legend>
              <span
                class="vjs-bg-color"
              >
                <label
                  class="vjs-label"
                  id="captions-background-color-vjs_video_592_component_1131"
                >
                  Color
                </label>
                <select
                  aria-labelledby="captions-background-vjs_video_592_component_1131 captions-background-color-vjs_video_592_component_1131"
                >
                  <option
                    aria-labelledby="captions-background-vjs_video_592_component_1131 captions-background-color-vjs_video_592_component_1131 captions-background-color-vjs_video_592_component_1131-Black"
                    id="captions-background-color-vjs_video_592_component_1131-Black"
                    value="#000"
                  >
                    Black
                  </option>
                  <option
                    aria-labelledby="captions-background-vjs_video_592_component_1131 captions-background-color-vjs_video_592_component_1131 captions-background-color-vjs_video_592_component_1131-White"
                    id="captions-background-color-vjs_video_592_component_1131-White"
                    value="#FFF"
                  >
                    White
                  </option>
                  <option
                    aria-labelledby="captions-background-vjs_video_592_component_1131 captions-background-color-vjs_video_592_component_1131 captions-background-color-vjs_video_592_component_1131-Red"
                    id="captions-background-color-vjs_video_592_component_1131-Red"
                    value="#F00"
                  >
                    Red
                  </option>
                  <option
                    aria-labelledby="captions-background-vjs_video_592_component_1131 captions-background-color-vjs_video_592_component_1131 captions-background-color-vjs_video_592_component_1131-Green"
                    id="captions-background-color-vjs_video_592_component_1131-Green"
                    value="#0F0"
                  >
                    Green
                  </option>
                  <option
                    aria-labelledby="captions-background-vjs_video_592_component_1131 captions-background-color-vjs_video_592_component_1131 captions-background-color-vjs_video_592_component_1131-Blue"
                    id="captions-background-color-vjs_video_592_component_1131-Blue"
                    value="#00F"
                  >
                    Blue
                  </option>
                  <option
                    aria-labelledby="captions-background-vjs_video_592_component_1131 captions-background-color-vjs_video_592_component_1131 captions-background-color-vjs_video_592_component_1131-Yellow"
                    id="captions-background-color-vjs_video_592_component_1131-Yellow"
                    value="#FF0"
                  >
                    Yellow
                  </option>
                  <option
                    aria-labelledby="captions-background-vjs_video_592_component_1131 captions-background-color-vjs_video_592_component_1131 captions-background-color-vjs_video_592_component_1131-Magenta"
                    id="captions-background-color-vjs_video_592_component_1131-Magenta"
                    value="#F0F"
                  >
                    Magenta
                  </option>
                  <option
                    aria-labelledby="captions-background-vjs_video_592_component_1131 captions-background-color-vjs_video_592_component_1131 captions-background-color-vjs_video_592_component_1131-Cyan"
                    id="captions-background-color-vjs_video_592_component_1131-Cyan"
                    value="#0FF"
                  >
                    Cyan
                  </option>
                </select>
              </span>
              <span
                class="vjs-bg-opacity vjs-opacity"
              >
                <label
                  class="vjs-label"
                  id="captions-background-opacity-vjs_video_592_component_1131"
                >
                  Opacity
                </label>
                <select
                  aria-labelledby="captions-background-vjs_video_592_component_1131 captions-background-opacity-vjs_video_592_component_1131"
                >
                  <option
                    aria-labelledby="captions-background-vjs_video_592_component_1131 captions-background-opacity-vjs_video_592_component_1131 captions-background-opacity-vjs_video_592_component_1131-Opaque"
                    id="captions-background-opacity-vjs_video_592_component_1131-Opaque"
                    value="1"
                  >
                    Opaque
                  </option>
                  <option
                    aria-labelledby="captions-background-vjs_video_592_component_1131 captions-background-opacity-vjs_video_592_component_1131 captions-background-opacity-vjs_video_592_component_1131-SemiTransparent"
                    id="captions-background-opacity-vjs_video_592_component_1131-SemiTransparent"
                    value="0.5"
                  >
                    Semi-Transparent
                  </option>
                  <option
                    aria-labelledby="captions-background-vjs_video_592_component_1131 captions-background-opacity-vjs_video_592_component_1131 captions-background-opacity-vjs_video_592_component_1131-Transparent"
                    id="captions-background-opacity-vjs_video_592_component_1131-Transparent"
                    value="0"
                  >
                    Transparent
                  </option>
                </select>
              </span>
            </fieldset>
            <fieldset
              class="vjs-window vjs-track-setting"
            >
              <legend
                id="captions-window-vjs_video_592_component_1131"
              >
                Caption Area Background
              </legend>
              <span
                class="vjs-window-color"
              >
                <label
                  class="vjs-label"
                  id="captions-window-color-vjs_video_592_component_1131"
                >
                  Color
                </label>
                <select
                  aria-labelledby="captions-window-vjs_video_592_component_1131 captions-window-color-vjs_video_592_component_1131"
                >
                  <option
                    aria-labelledby="captions-window-vjs_video_592_component_1131 captions-window-color-vjs_video_592_component_1131 captions-window-color-vjs_video_592_component_1131-Black"
                    id="captions-window-color-vjs_video_592_component_1131-Black"
                    value="#000"
                  >
                    Black
                  </option>
                  <option
                    aria-labelledby="captions-window-vjs_video_592_component_1131 captions-window-color-vjs_video_592_component_1131 captions-window-color-vjs_video_592_component_1131-White"
                    id="captions-window-color-vjs_video_592_component_1131-White"
                    value="#FFF"
                  >
                    White
                  </option>
                  <option
                    aria-labelledby="captions-window-vjs_video_592_component_1131 captions-window-color-vjs_video_592_component_1131 captions-window-color-vjs_video_592_component_1131-Red"
                    id="captions-window-color-vjs_video_592_component_1131-Red"
                    value="#F00"
                  >
                    Red
                  </option>
                  <option
                    aria-labelledby="captions-window-vjs_video_592_component_1131 captions-window-color-vjs_video_592_component_1131 captions-window-color-vjs_video_592_component_1131-Green"
                    id="captions-window-color-vjs_video_592_component_1131-Green"
                    value="#0F0"
                  >
                    Green
                  </option>
                  <option
                    aria-labelledby="captions-window-vjs_video_592_component_1131 captions-window-color-vjs_video_592_component_1131 captions-window-color-vjs_video_592_component_1131-Blue"
                    id="captions-window-color-vjs_video_592_component_1131-Blue"
                    value="#00F"
                  >
                    Blue
                  </option>
                  <option
                    aria-labelledby="captions-window-vjs_video_592_component_1131 captions-window-color-vjs_video_592_component_1131 captions-window-color-vjs_video_592_component_1131-Yellow"
                    id="captions-window-color-vjs_video_592_component_1131-Yellow"
                    value="#FF0"
                  >
                    Yellow
                  </option>
                  <option
                    aria-labelledby="captions-window-vjs_video_592_component_1131 captions-window-color-vjs_video_592_component_1131 captions-window-color-vjs_video_592_component_1131-Magenta"
                    id="captions-window-color-vjs_video_592_component_1131-Magenta"
                    value="#F0F"
                  >
                    Magenta
                  </option>
                  <option
                    aria-labelledby="captions-window-vjs_video_592_component_1131 captions-window-color-vjs_video_592_component_1131 captions-window-color-vjs_video_592_component_1131-Cyan"
                    id="captions-window-color-vjs_video_592_component_1131-Cyan"
                    value="#0FF"
                  >
                    Cyan
                  </option>
                </select>
              </span>
              <span
                class="vjs-window-opacity vjs-opacity"
              >
                <label
                  class="vjs-label"
                  id="captions-window-opacity-vjs_video_592_component_1131"
                >
                  Opacity
                </label>
                <select
                  aria-labelledby="captions-window-vjs_video_592_component_1131 captions-window-opacity-vjs_video_592_component_1131"
                >
                  <option
                    aria-labelledby="captions-window-vjs_video_592_component_1131 captions-window-opacity-vjs_video_592_component_1131 captions-window-opacity-vjs_video_592_component_1131-Transparent"
                    id="captions-window-opacity-vjs_video_592_component_1131-Transparent"
                    value="0"
                  >
                    Transparent
                  </option>
                  <option
                    aria-labelledby="captions-window-vjs_video_592_component_1131 captions-window-opacity-vjs_video_592_component_1131 captions-window-opacity-vjs_video_592_component_1131-SemiTransparent"
                    id="captions-window-opacity-vjs_video_592_component_1131-SemiTransparent"
                    value="0.5"
                  >
                    Semi-Transparent
                  </option>
                  <option
                    aria-labelledby="captions-window-vjs_video_592_component_1131 captions-window-opacity-vjs_video_592_component_1131 captions-window-opacity-vjs_video_592_component_1131-Opaque"
                    id="captions-window-opacity-vjs_video_592_component_1131-Opaque"
                    value="1"
                  >
                    Opaque
                  </option>
                </select>
              </span>
            </fieldset>
          </div>
          <div
            class="vjs-track-settings-font"
          >
            <fieldset
              class="vjs-font-percent vjs-track-setting"
            >
              <legend
                class=""
                id="captions-font-size-vjs_video_592_component_1131"
              >
                Font Size
              </legend>
              <select
                aria-labelledby="captions-font-size-vjs_video_592_component_1131"
              >
                <option
                  aria-labelledby="captions-font-size-vjs_video_592_component_1131 captions-font-size-vjs_video_592_component_1131-50"
                  id="captions-font-size-vjs_video_592_component_1131-50"
                  value="0.50"
                >
                  50%
                </option>
                <option
                  aria-labelledby="captions-font-size-vjs_video_592_component_1131 captions-font-size-vjs_video_592_component_1131-75"
                  id="captions-font-size-vjs_video_592_component_1131-75"
                  value="0.75"
                >
                  75%
                </option>
                <option
                  aria-labelledby="captions-font-size-vjs_video_592_component_1131 captions-font-size-vjs_video_592_component_1131-100"
                  id="captions-font-size-vjs_video_592_component_1131-100"
                  value="1.00"
                >
                  100%
                </option>
                <option
                  aria-labelledby="captions-font-size-vjs_video_592_component_1131 captions-font-size-vjs_video_592_component_1131-125"
                  id="captions-font-size-vjs_video_592_component_1131-125"
                  value="1.25"
                >
                  125%
                </option>
                <option
                  aria-labelledby="captions-font-size-vjs_video_592_component_1131 captions-font-size-vjs_video_592_component_1131-150"
                  id="captions-font-size-vjs_video_592_component_1131-150"
                  value="1.50"
                >
                  150%
                </option>
                <option
                  aria-labelledby="captions-font-size-vjs_video_592_component_1131 captions-font-size-vjs_video_592_component_1131-175"
                  id="captions-font-size-vjs_video_592_component_1131-175"
                  value="1.75"
                >
                  175%
                </option>
                <option
                  aria-labelledby="captions-font-size-vjs_video_592_component_1131 captions-font-size-vjs_video_592_component_1131-200"
                  id="captions-font-size-vjs_video_592_component_1131-200"
                  value="2.00"
                >
                  200%
                </option>
                <option
                  aria-labelledby="captions-font-size-vjs_video_592_component_1131 captions-font-size-vjs_video_592_component_1131-300"
                  id="captions-font-size-vjs_video_592_component_1131-300"
                  value="3.00"
                >
                  300%
                </option>
                <option
                  aria-labelledby="captions-font-size-vjs_video_592_component_1131 captions-font-size-vjs_video_592_component_1131-400"
                  id="captions-font-size-vjs_video_592_component_1131-400"
                  value="4.00"
                >
                  400%
                </option>
              </select>
            </fieldset>
            <fieldset
              class="vjs-edge-style vjs-track-setting"
            >
              <legend
                class=""
                id="vjs_video_592_component_1131"
              >
                Text Edge Style
              </legend>
              <select
                aria-labelledby="vjs_video_592_component_1131"
              >
                <option
                  aria-labelledby="vjs_video_592_component_1131 vjs_video_592_component_1131-None"
                  id="vjs_video_592_component_1131-None"
                  value="none"
                >
                  None
                </option>
                <option
                  aria-labelledby="vjs_video_592_component_1131 vjs_video_592_component_1131-Raised"
                  id="vjs_video_592_component_1131-Raised"
                  value="raised"
                >
                  Raised
                </option>
                <option
                  aria-labelledby="vjs_video_592_component_1131 vjs_video_592_component_1131-Depressed"
                  id="vjs_video_592_component_1131-Depressed"
                  value="depressed"
                >
                  Depressed
                </option>
                <option
                  aria-labelledby="vjs_video_592_component_1131 vjs_video_592_component_1131-Uniform"
                  id="vjs_video_592_component_1131-Uniform"
                  value="uniform"
                >
                  Uniform
                </option>
                <option
                  aria-labelledby="vjs_video_592_component_1131 vjs_video_592_component_1131-Dropshadow"
                  id="vjs_video_592_component_1131-Dropshadow"
                  value="dropshadow"
                >
                  Dropshadow
                </option>
              </select>
            </fieldset>
            <fieldset
              class="vjs-font-family vjs-track-setting"
            >
              <legend
                class=""
                id="captions-font-family-vjs_video_592_component_1131"
              >
                Font Family
              </legend>
              <select
                aria-labelledby="captions-font-family-vjs_video_592_component_1131"
              >
                <option
                  aria-labelledby="captions-font-family-vjs_video_592_component_1131 captions-font-family-vjs_video_592_component_1131-ProportionalSansSerif"
                  id="captions-font-family-vjs_video_592_component_1131-ProportionalSansSerif"
                  value="proportionalSansSerif"
                >
                  Proportional Sans-Serif
                </option>
                <option
                  aria-labelledby="captions-font-family-vjs_video_592_component_1131 captions-font-family-vjs_video_592_component_1131-MonospaceSansSerif"
                  id="captions-font-family-vjs_video_592_component_1131-MonospaceSansSerif"
                  value="monospaceSansSerif"
                >
                  Monospace Sans-Serif
                </option>
                <option
                  aria-labelledby="captions-font-family-vjs_video_592_component_1131 captions-font-family-vjs_video_592_component_1131-ProportionalSerif"
                  id="captions-font-family-vjs_video_592_component_1131-ProportionalSerif"
                  value="proportionalSerif"
                >
                  Proportional Serif
                </option>
                <option
                  aria-labelledby="captions-font-family-vjs_video_592_component_1131 captions-font-family-vjs_video_592_component_1131-MonospaceSerif"
                  id="captions-font-family-vjs_video_592_component_1131-MonospaceSerif"
                  value="monospaceSerif"
                >
                  Monospace Serif
                </option>
                <option
                  aria-labelledby="captions-font-family-vjs_video_592_component_1131 captions-font-family-vjs_video_592_component_1131-Casual"
                  id="captions-font-family-vjs_video_592_component_1131-Casual"
                  value="casual"
                >
                  Casual
                </option>
                <option
                  aria-labelledby="captions-font-family-vjs_video_592_component_1131 captions-font-family-vjs_video_592_component_1131-Script"
                  id="captions-font-family-vjs_video_592_component_1131-Script"
                  value="script"
                >
                  Script
                </option>
                <option
                  aria-labelledby="captions-font-family-vjs_video_592_component_1131 captions-font-family-vjs_video_592_component_1131-SmallCaps"
                  id="captions-font-family-vjs_video_592_component_1131-SmallCaps"
                  value="small-caps"
                >
                  Small Caps
                </option>
              </select>
            </fieldset>
          </div>
          <div
            class="vjs-track-settings-controls"
          >
            <button
              class="vjs-default-button"
              title="restore all settings to the default values"
              type="button"
            >
              Reset
              <span
                class="vjs-control-text"
              >
                 restore all settings to the default values
              </span>
            </button>
            <button
              class="vjs-done-button"
              type="button"
            >
              Done
            </button>
          </div>
        </div>
        <button
          aria-disabled="false"
          class="vjs-close-button vjs-control vjs-button"
          title="Close Modal Dialog"
          type="button"
        >
          <span
            aria-hidden="true"
            class="vjs-icon-placeholder"
          />
          <span
            aria-live="polite"
            class="vjs-control-text"
          >
            Close Modal Dialog
          </span>
        </button>
        <p
          class="vjs-control-text"
        >
          End of dialog window.
        </p>
      </div>
      <iframe
        aria-hidden="true"
        class="vjs-resize-manager"
        tabindex="-1"
        title="No content"
      />
    </div>
  </div>
</div>
`;
